Archive member included to satisfy reference by file (symbol)

C:/avr-toolchain/bin/../lib/gcc/avr/15.1.0/avr5\libgcc.a(_umulhisi3.o)
                              C:\HTI\3rd term mechatronics\NTI\At Mega16\Arch\release\HAL\LDR\LDR_Program.c.o (__umulhisi3)
C:/avr-toolchain/bin/../lib/gcc/avr/15.1.0/avr5\libgcc.a(_udivmodsi4.o)
                              C:\HTI\3rd term mechatronics\NTI\At Mega16\Arch\release\HAL\LM35\LM35_Program.c.o (__udivmodsi4)
C:/avr-toolchain/bin/../lib/gcc/avr/15.1.0/avr5\libgcc.a(_exit.o)
                              C:/avr-toolchain/bin/../lib/gcc/avr/15.1.0/../../../../avr/lib/avr5/crtatmega16.o (exit)
C:/avr-toolchain/bin/../lib/gcc/avr/15.1.0/avr5\libgcc.a(_copy_data.o)
                              C:\HTI\3rd term mechatronics\NTI\At Mega16\Arch\release\HAL\KeyPad\KeyPad_Program.c.o (__do_copy_data)
C:/avr-toolchain/bin/../lib/gcc/avr/15.1.0/avr5\libgcc.a(_clear_bss.o)
                              C:\HTI\3rd term mechatronics\NTI\At Mega16\Arch\release\main.c.o (__do_clear_bss)

There are no discarded input sections

Memory Configuration

Name             Origin             Length             Attributes
text             0x00000000         0x00004000         xr
data             0x00800060         0x00000400         rw!x
eeprom           0x00810000         0x00000200         rw!x
fuse             0x00820000         0x00000002         rw!x
lock             0x00830000         0x00000400         rw!x
signature        0x00840000         0x00000400         rw!x
user_signatures  0x00850000         0x00000400         rw!x
*default*        0x00000000         0xffffffff

Linker script and memory map

LOAD C:/avr-toolchain/bin/../lib/gcc/avr/15.1.0/../../../../avr/lib/avr5/crtatmega16.o
LOAD C:\HTI\3rd term mechatronics\NTI\At Mega16\Arch\release\HAL\BUZZER\BUZZER_Program.c.o
LOAD C:\HTI\3rd term mechatronics\NTI\At Mega16\Arch\release\HAL\EEPROM\EEPROM_Program.c.o
LOAD C:\HTI\3rd term mechatronics\NTI\At Mega16\Arch\release\HAL\KeyPad\KeyPad_Program.c.o
LOAD C:\HTI\3rd term mechatronics\NTI\At Mega16\Arch\release\HAL\LCD\LCD_Program.c.o
LOAD C:\HTI\3rd term mechatronics\NTI\At Mega16\Arch\release\HAL\LDR\LDR_Program.c.o
LOAD C:\HTI\3rd term mechatronics\NTI\At Mega16\Arch\release\HAL\LED\LED_Program.c.o
LOAD C:\HTI\3rd term mechatronics\NTI\At Mega16\Arch\release\HAL\LM35\LM35_Program.c.o
LOAD C:\HTI\3rd term mechatronics\NTI\At Mega16\Arch\release\HAL\SEVEN_Segment\SEVEN_Segment_Program.c.o
LOAD C:\HTI\3rd term mechatronics\NTI\At Mega16\Arch\release\main.c.o
LOAD C:\HTI\3rd term mechatronics\NTI\At Mega16\Arch\release\MCAL\ADC\ADC_Program.c.o
LOAD C:\HTI\3rd term mechatronics\NTI\At Mega16\Arch\release\MCAL\DIO\DIO_Program.c.o
LOAD C:\HTI\3rd term mechatronics\NTI\At Mega16\Arch\release\MCAL\EXTI\EXTI_Program.c.o
LOAD C:\HTI\3rd term mechatronics\NTI\At Mega16\Arch\release\MCAL\GIE\GIE_Program.c.o
START GROUP
LOAD C:/avr-toolchain/bin/../lib/gcc/avr/15.1.0/avr5\libgcc.a
LOAD C:/avr-toolchain/bin/../lib/gcc/avr/15.1.0/../../../../avr/lib/avr5\libm.a
LOAD C:/avr-toolchain/bin/../lib/gcc/avr/15.1.0/../../../../avr/lib/avr5\libc.a
LOAD C:/avr-toolchain/bin/../lib/gcc/avr/15.1.0/../../../../avr/lib/avr5\libatmega16.a
END GROUP
                [0x00000000]                      __TEXT_REGION_ORIGIN__ = DEFINED (__TEXT_REGION_ORIGIN__)?__TEXT_REGION_ORIGIN__:0x0
                [0x00004000]                      __TEXT_REGION_LENGTH__ = DEFINED (__TEXT_REGION_LENGTH__)?__TEXT_REGION_LENGTH__:0x20000
                [0x00800060]                      __DATA_REGION_ORIGIN__ = DEFINED (__DATA_REGION_ORIGIN__)?__DATA_REGION_ORIGIN__:0x800060
                [0x00000400]                      __DATA_REGION_LENGTH__ = DEFINED (__DATA_REGION_LENGTH__)?__DATA_REGION_LENGTH__:0xffa0
                [0x00000200]                      __EEPROM_REGION_LENGTH__ = DEFINED (__EEPROM_REGION_LENGTH__)?__EEPROM_REGION_LENGTH__:0x10000
                [0x00000002]                      __FUSE_REGION_LENGTH__ = DEFINED (__FUSE_REGION_LENGTH__)?__FUSE_REGION_LENGTH__:0x400
                0x00000400                        __LOCK_REGION_LENGTH__ = DEFINED (__LOCK_REGION_LENGTH__)?__LOCK_REGION_LENGTH__:0x400
                0x00000400                        __SIGNATURE_REGION_LENGTH__ = DEFINED (__SIGNATURE_REGION_LENGTH__)?__SIGNATURE_REGION_LENGTH__:0x400
                0x00000400                        __USER_SIGNATURE_REGION_LENGTH__ = DEFINED (__USER_SIGNATURE_REGION_LENGTH__)?__USER_SIGNATURE_REGION_LENGTH__:0x400

.hash
 *(.hash)

.dynsym
 *(.dynsym)

.dynstr
 *(.dynstr)

.gnu.version
 *(.gnu.version)

.gnu.version_d
 *(.gnu.version_d)

.gnu.version_r
 *(.gnu.version_r)

.rel.init
 *(.rel.init)

.rela.init
 *(.rela.init)

.rel.text
 *(.rel.text)
 *(.rel.text.*)
 *(.rel.gnu.linkonce.t*)

.rela.text
 *(.rela.text)
 *(.rela.text.*)
 *(.rela.gnu.linkonce.t*)

.rel.fini
 *(.rel.fini)

.rela.fini
 *(.rela.fini)

.rel.rodata
 *(.rel.rodata)
 *(.rel.rodata.*)
 *(.rel.gnu.linkonce.r*)

.rela.rodata
 *(.rela.rodata)
 *(.rela.rodata.*)
 *(.rela.gnu.linkonce.r*)

.rel.data
 *(.rel.data)
 *(.rel.data.*)
 *(.rel.gnu.linkonce.d*)

.rela.data
 *(.rela.data)
 *(.rela.data.*)
 *(.rela.gnu.linkonce.d*)

.rel.ctors
 *(.rel.ctors)

.rela.ctors
 *(.rela.ctors)

.rel.dtors
 *(.rel.dtors)

.rela.dtors
 *(.rela.dtors)

.rel.got
 *(.rel.got)

.rela.got
 *(.rela.got)

.rel.bss
 *(.rel.bss)

.rela.bss
 *(.rela.bss)

.rel.plt
 *(.rel.plt)

.rela.plt
 *(.rela.plt)

.text           0x00000000      0xc76
 *(.vectors)
 .vectors       0x00000000       0x54 C:/avr-toolchain/bin/../lib/gcc/avr/15.1.0/../../../../avr/lib/avr5/crtatmega16.o
                0x00000000                __vector_default
                0x00000000                __vectors
 *(.vectors)
 *(.progmem.gcc*)
                0x00000054                        . = ALIGN (0x2)
                0x00000054                        __trampolines_start = .
 *(.trampolines)
 .trampolines   0x00000054        0x0 linker stubs
 *(.trampolines*)
                0x00000054                        __trampolines_end = .
 *libprintf_flt.a:*(.progmem.data)
 *libc.a:*(.progmem.data)
 *(.progmem.*)
                0x00000054                        . = ALIGN (0x2)
 *(.lowtext)
 *(.lowtext*)
                0x00000054                        __ctors_start = .
 *(.ctors)
                0x00000054                        __ctors_end = .
                0x00000054                        __dtors_start = .
 *(.dtors)
                0x00000054                        __dtors_end = .
 SORT_BY_NAME(*)(.ctors)
 SORT_BY_NAME(*)(.dtors)
 *(.init0)
 .init0         0x00000054        0x0 C:/avr-toolchain/bin/../lib/gcc/avr/15.1.0/../../../../avr/lib/avr5/crtatmega16.o
                0x00000054                __init
 *(.init0)
 *(.init1)
 *(.init1)
 *(.init2)
 .init2         0x00000054        0xc C:/avr-toolchain/bin/../lib/gcc/avr/15.1.0/../../../../avr/lib/avr5/crtatmega16.o
 *(.init2)
 *(.init3)
 *(.init3)
 *(.init4)
 .init4         0x00000060       0x16 C:/avr-toolchain/bin/../lib/gcc/avr/15.1.0/avr5\libgcc.a(_copy_data.o)
                0x00000060                __do_copy_data
 .init4         0x00000076       0x10 C:/avr-toolchain/bin/../lib/gcc/avr/15.1.0/avr5\libgcc.a(_clear_bss.o)
                0x00000076                __do_clear_bss
 *(.init4)
 *(.init5)
 *(.init5)
 *(.init6)
 *(.init6)
 *(.init7)
 *(.init7)
 *(.init8)
 *(.init8)
 *(.init9)
 .init9         0x00000086        0x8 C:/avr-toolchain/bin/../lib/gcc/avr/15.1.0/../../../../avr/lib/avr5/crtatmega16.o
 *(.init9)
 *(.text)
 .text          0x0000008e        0x4 C:/avr-toolchain/bin/../lib/gcc/avr/15.1.0/../../../../avr/lib/avr5/crtatmega16.o
                0x0000008e                __vector_12
                0x0000008e                __bad_interrupt
                0x0000008e                __vector_6
                0x0000008e                __vector_11
                0x0000008e                __vector_13
                0x0000008e                __vector_17
                0x0000008e                __vector_19
                0x0000008e                __vector_7
                0x0000008e                __vector_5
                0x0000008e                __vector_4
                0x0000008e                __vector_9
                0x0000008e                __vector_15
                0x0000008e                __vector_8
                0x0000008e                __vector_14
                0x0000008e                __vector_10
                0x0000008e                __vector_16
                0x0000008e                __vector_18
                0x0000008e                __vector_20
 .text          0x00000092       0x1e C:\HTI\3rd term mechatronics\NTI\At Mega16\Arch\release\HAL\BUZZER\BUZZER_Program.c.o
                0x00000092                BUZZER_Init
                0x0000009c                BUZZER_On
                0x000000a6                BUZZER_Off
 .text          0x000000b0       0xba C:\HTI\3rd term mechatronics\NTI\At Mega16\Arch\release\HAL\EEPROM\EEPROM_Program.c.o
                0x000000b0                EEPROM_WriteByte
                0x000000cc                EEPROM_ReadByte
                0x000000e6                EEPROM_WriteBlock
                0x00000130                EEPROM_ReadBlock
 .text          0x0000016a      0x138 C:\HTI\3rd term mechatronics\NTI\At Mega16\Arch\release\HAL\KeyPad\KeyPad_Program.c.o
                0x0000016a                KPD_Init
                0x0000020a                KPD_GetButtonValue
 .text          0x000002a2      0x292 C:\HTI\3rd term mechatronics\NTI\At Mega16\Arch\release\HAL\LCD\LCD_Program.c.o
                0x0000033e                LCD_WriteChar
                0x00000348                LCD_WriteInstruction
                0x00000352                LCD_Init
                0x000003cc                LCD_WriteString
                0x00000410                LCD_GotoXY
                0x0000042e                LCD_WriteNumber
 .text          0x00000534       0x2a C:\HTI\3rd term mechatronics\NTI\At Mega16\Arch\release\HAL\LDR\LDR_Program.c.o
                0x00000534                LDR_GetRawValue
                0x0000053a                LDR_GetLightPercentage
 .text          0x0000055e       0x92 C:\HTI\3rd term mechatronics\NTI\At Mega16\Arch\release\HAL\LED\LED_Program.c.o
                0x0000055e                LED_Init
                0x00000584                LED_On
                0x000005aa                LED_Off
                0x000005d0                LED_Toggle
 .text          0x000005f0       0x34 C:\HTI\3rd term mechatronics\NTI\At Mega16\Arch\release\HAL\LM35\LM35_Program.c.o
                0x000005f0                LM35_GetTemperature
 .text          0x00000624       0x66 C:\HTI\3rd term mechatronics\NTI\At Mega16\Arch\release\HAL\SEVEN_Segment\SEVEN_Segment_Program.c.o
                0x00000624                SEVEN_SEGMENT_Init
                0x0000064a                SEVEN_SEGMENT_DisplayNumber
                0x0000066a                SEVEN_SEGMENT_DisplayChar
 .text          0x0000068a       0x2a C:\HTI\3rd term mechatronics\NTI\At Mega16\Arch\release\main.c.o
                0x0000068a                EXTI0_ISRHandler
 .text          0x000006b4       0x9a C:\HTI\3rd term mechatronics\NTI\At Mega16\Arch\release\MCAL\ADC\ADC_Program.c.o
                0x000006b4                ADC_Init
                0x00000738                ADC_Read
 .text          0x0000074e      0x1e8 C:\HTI\3rd term mechatronics\NTI\At Mega16\Arch\release\MCAL\DIO\DIO_Program.c.o
                0x0000074e                DIO_InitPin
                0x000007ca                DIO_InitGroup
                0x000007ea                DIO_WritePin
                0x00000866                DIO_WriteGroup
                0x00000886                DIO_ReadPin
                0x000008c2                DIO_ReadGroup
                0x000008f8                DIO_TogglePin
 .text          0x00000936      0x226 C:\HTI\3rd term mechatronics\NTI\At Mega16\Arch\release\MCAL\EXTI\EXTI_Program.c.o
                0x00000936                EXTI_Init
                0x000009f0                EXTI_Enable
                0x00000a16                EXTI_Disable
                0x00000a3c                EXTI0_CallBackFunction
                0x00000a4a                EXTI1_CallBackFunction
                0x00000a58                EXTI2_CallBackFunction
                0x00000a66                __vector_1
                0x00000ab8                __vector_2
                0x00000b0a                __vector_3
 .text          0x00000b5c       0x10 C:\HTI\3rd term mechatronics\NTI\At Mega16\Arch\release\MCAL\GIE\GIE_Program.c.o
                0x00000b5c                GIE_Enable
                0x00000b64                GIE_Disable
 .text          0x00000b6c        0x0 C:/avr-toolchain/bin/../lib/gcc/avr/15.1.0/avr5\libgcc.a(_umulhisi3.o)
 .text          0x00000b6c        0x0 C:/avr-toolchain/bin/../lib/gcc/avr/15.1.0/avr5\libgcc.a(_udivmodsi4.o)
 .text          0x00000b6c        0x0 C:/avr-toolchain/bin/../lib/gcc/avr/15.1.0/avr5\libgcc.a(_exit.o)
 .text          0x00000b6c        0x0 C:/avr-toolchain/bin/../lib/gcc/avr/15.1.0/avr5\libgcc.a(_copy_data.o)
 .text          0x00000b6c        0x0 C:/avr-toolchain/bin/../lib/gcc/avr/15.1.0/avr5\libgcc.a(_clear_bss.o)
                0x00000b6c                        . = ALIGN (0x2)
 *(.text.*)
 .text.startup  0x00000b6c       0xa4 C:\HTI\3rd term mechatronics\NTI\At Mega16\Arch\release\main.c.o
                0x00000b6c                main
 .text.libgcc.mul
                0x00000c10       0x1e C:/avr-toolchain/bin/../lib/gcc/avr/15.1.0/avr5\libgcc.a(_umulhisi3.o)
                0x00000c10                __umulhisi3
 .text.libgcc.div
                0x00000c2e        0x0 C:/avr-toolchain/bin/../lib/gcc/avr/15.1.0/avr5\libgcc.a(_umulhisi3.o)
 .text.libgcc   0x00000c2e        0x0 C:/avr-toolchain/bin/../lib/gcc/avr/15.1.0/avr5\libgcc.a(_umulhisi3.o)
 .text.libgcc.prologue
                0x00000c2e        0x0 C:/avr-toolchain/bin/../lib/gcc/avr/15.1.0/avr5\libgcc.a(_umulhisi3.o)
 .text.libgcc.builtins
                0x00000c2e        0x0 C:/avr-toolchain/bin/../lib/gcc/avr/15.1.0/avr5\libgcc.a(_umulhisi3.o)
 .text.libgcc.fmul
                0x00000c2e        0x0 C:/avr-toolchain/bin/../lib/gcc/avr/15.1.0/avr5\libgcc.a(_umulhisi3.o)
 .text.libgcc.fixed
                0x00000c2e        0x0 C:/avr-toolchain/bin/../lib/gcc/avr/15.1.0/avr5\libgcc.a(_umulhisi3.o)
 .text.libgcc.mul
                0x00000c2e        0x0 C:/avr-toolchain/bin/../lib/gcc/avr/15.1.0/avr5\libgcc.a(_udivmodsi4.o)
 .text.libgcc.div
                0x00000c2e       0x44 C:/avr-toolchain/bin/../lib/gcc/avr/15.1.0/avr5\libgcc.a(_udivmodsi4.o)
                0x00000c2e                __udivmodsi4
 .text.libgcc   0x00000c72        0x0 C:/avr-toolchain/bin/../lib/gcc/avr/15.1.0/avr5\libgcc.a(_udivmodsi4.o)
 .text.libgcc.prologue
                0x00000c72        0x0 C:/avr-toolchain/bin/../lib/gcc/avr/15.1.0/avr5\libgcc.a(_udivmodsi4.o)
 .text.libgcc.builtins
                0x00000c72        0x0 C:/avr-toolchain/bin/../lib/gcc/avr/15.1.0/avr5\libgcc.a(_udivmodsi4.o)
 .text.libgcc.fmul
                0x00000c72        0x0 C:/avr-toolchain/bin/../lib/gcc/avr/15.1.0/avr5\libgcc.a(_udivmodsi4.o)
 .text.libgcc.fixed
                0x00000c72        0x0 C:/avr-toolchain/bin/../lib/gcc/avr/15.1.0/avr5\libgcc.a(_udivmodsi4.o)
 .text.libgcc.mul
                0x00000c72        0x0 C:/avr-toolchain/bin/../lib/gcc/avr/15.1.0/avr5\libgcc.a(_exit.o)
 .text.libgcc.div
                0x00000c72        0x0 C:/avr-toolchain/bin/../lib/gcc/avr/15.1.0/avr5\libgcc.a(_exit.o)
 .text.libgcc   0x00000c72        0x0 C:/avr-toolchain/bin/../lib/gcc/avr/15.1.0/avr5\libgcc.a(_exit.o)
 .text.libgcc.prologue
                0x00000c72        0x0 C:/avr-toolchain/bin/../lib/gcc/avr/15.1.0/avr5\libgcc.a(_exit.o)
 .text.libgcc.builtins
                0x00000c72        0x0 C:/avr-toolchain/bin/../lib/gcc/avr/15.1.0/avr5\libgcc.a(_exit.o)
 .text.libgcc.fmul
                0x00000c72        0x0 C:/avr-toolchain/bin/../lib/gcc/avr/15.1.0/avr5\libgcc.a(_exit.o)
 .text.libgcc.fixed
                0x00000c72        0x0 C:/avr-toolchain/bin/../lib/gcc/avr/15.1.0/avr5\libgcc.a(_exit.o)
 .text.libgcc.mul
                0x00000c72        0x0 C:/avr-toolchain/bin/../lib/gcc/avr/15.1.0/avr5\libgcc.a(_copy_data.o)
 .text.libgcc.div
                0x00000c72        0x0 C:/avr-toolchain/bin/../lib/gcc/avr/15.1.0/avr5\libgcc.a(_copy_data.o)
 .text.libgcc   0x00000c72        0x0 C:/avr-toolchain/bin/../lib/gcc/avr/15.1.0/avr5\libgcc.a(_copy_data.o)
 .text.libgcc.prologue
                0x00000c72        0x0 C:/avr-toolchain/bin/../lib/gcc/avr/15.1.0/avr5\libgcc.a(_copy_data.o)
 .text.libgcc.builtins
                0x00000c72        0x0 C:/avr-toolchain/bin/../lib/gcc/avr/15.1.0/avr5\libgcc.a(_copy_data.o)
 .text.libgcc.fmul
                0x00000c72        0x0 C:/avr-toolchain/bin/../lib/gcc/avr/15.1.0/avr5\libgcc.a(_copy_data.o)
 .text.libgcc.fixed
                0x00000c72        0x0 C:/avr-toolchain/bin/../lib/gcc/avr/15.1.0/avr5\libgcc.a(_copy_data.o)
 .text.libgcc.mul
                0x00000c72        0x0 C:/avr-toolchain/bin/../lib/gcc/avr/15.1.0/avr5\libgcc.a(_clear_bss.o)
 .text.libgcc.div
                0x00000c72        0x0 C:/avr-toolchain/bin/../lib/gcc/avr/15.1.0/avr5\libgcc.a(_clear_bss.o)
 .text.libgcc   0x00000c72        0x0 C:/avr-toolchain/bin/../lib/gcc/avr/15.1.0/avr5\libgcc.a(_clear_bss.o)
 .text.libgcc.prologue
                0x00000c72        0x0 C:/avr-toolchain/bin/../lib/gcc/avr/15.1.0/avr5\libgcc.a(_clear_bss.o)
 .text.libgcc.builtins
                0x00000c72        0x0 C:/avr-toolchain/bin/../lib/gcc/avr/15.1.0/avr5\libgcc.a(_clear_bss.o)
 .text.libgcc.fmul
                0x00000c72        0x0 C:/avr-toolchain/bin/../lib/gcc/avr/15.1.0/avr5\libgcc.a(_clear_bss.o)
 .text.libgcc.fixed
                0x00000c72        0x0 C:/avr-toolchain/bin/../lib/gcc/avr/15.1.0/avr5\libgcc.a(_clear_bss.o)
                0x00000c72                        . = ALIGN (0x2)
 *(.fini9)
 .fini9         0x00000c72        0x0 C:/avr-toolchain/bin/../lib/gcc/avr/15.1.0/avr5\libgcc.a(_exit.o)
                0x00000c72                _exit
                0x00000c72                exit
 *(.fini9)
 *(.fini8)
 *(.fini8)
 *(.fini7)
 *(.fini7)
 *(.fini6)
 *(.fini6)
 *(.fini5)
 *(.fini5)
 *(.fini4)
 *(.fini4)
 *(.fini3)
 *(.fini3)
 *(.fini2)
 *(.fini2)
 *(.fini1)
 *(.fini1)
 *(.fini0)
 .fini0         0x00000c72        0x4 C:/avr-toolchain/bin/../lib/gcc/avr/15.1.0/avr5\libgcc.a(_exit.o)
 *(.fini0)
 *(.hightext)
 *(.hightext*)
 *(.progmemx.*)
                0x00000c76                        . = ALIGN (0x2)
 *(.jumptables)
 *(.jumptables*)
                0x00000c76                        _etext = .

.data           0x00800060       0x18 load address 0x00000c76
                0x00800060                        PROVIDE (__data_start = .)
 *(.data)
 .data          0x00800060        0x0 C:/avr-toolchain/bin/../lib/gcc/avr/15.1.0/../../../../avr/lib/avr5/crtatmega16.o
 .data          0x00800060        0x0 C:\HTI\3rd term mechatronics\NTI\At Mega16\Arch\release\HAL\BUZZER\BUZZER_Program.c.o
 .data          0x00800060        0x0 C:\HTI\3rd term mechatronics\NTI\At Mega16\Arch\release\HAL\EEPROM\EEPROM_Program.c.o
 .data          0x00800060        0x0 C:\HTI\3rd term mechatronics\NTI\At Mega16\Arch\release\HAL\KeyPad\KeyPad_Program.c.o
 .data          0x00800060        0x0 C:\HTI\3rd term mechatronics\NTI\At Mega16\Arch\release\HAL\LCD\LCD_Program.c.o
 .data          0x00800060        0x0 C:\HTI\3rd term mechatronics\NTI\At Mega16\Arch\release\HAL\LDR\LDR_Program.c.o
 .data          0x00800060        0x0 C:\HTI\3rd term mechatronics\NTI\At Mega16\Arch\release\HAL\LED\LED_Program.c.o
 .data          0x00800060        0x0 C:\HTI\3rd term mechatronics\NTI\At Mega16\Arch\release\HAL\LM35\LM35_Program.c.o
 .data          0x00800060        0x0 C:\HTI\3rd term mechatronics\NTI\At Mega16\Arch\release\HAL\SEVEN_Segment\SEVEN_Segment_Program.c.o
 .data          0x00800060        0x0 C:\HTI\3rd term mechatronics\NTI\At Mega16\Arch\release\main.c.o
 .data          0x00800060        0x0 C:\HTI\3rd term mechatronics\NTI\At Mega16\Arch\release\MCAL\ADC\ADC_Program.c.o
 .data          0x00800060        0x0 C:\HTI\3rd term mechatronics\NTI\At Mega16\Arch\release\MCAL\DIO\DIO_Program.c.o
 .data          0x00800060        0x0 C:\HTI\3rd term mechatronics\NTI\At Mega16\Arch\release\MCAL\EXTI\EXTI_Program.c.o
 .data          0x00800060        0x0 C:\HTI\3rd term mechatronics\NTI\At Mega16\Arch\release\MCAL\GIE\GIE_Program.c.o
 .data          0x00800060        0x0 C:/avr-toolchain/bin/../lib/gcc/avr/15.1.0/avr5\libgcc.a(_umulhisi3.o)
 .data          0x00800060        0x0 C:/avr-toolchain/bin/../lib/gcc/avr/15.1.0/avr5\libgcc.a(_udivmodsi4.o)
 .data          0x00800060        0x0 C:/avr-toolchain/bin/../lib/gcc/avr/15.1.0/avr5\libgcc.a(_exit.o)
 .data          0x00800060        0x0 C:/avr-toolchain/bin/../lib/gcc/avr/15.1.0/avr5\libgcc.a(_copy_data.o)
 .data          0x00800060        0x0 C:/avr-toolchain/bin/../lib/gcc/avr/15.1.0/avr5\libgcc.a(_clear_bss.o)
 *(.data*)
 *(.gnu.linkonce.d*)
 *(.rodata)
 .rodata        0x00800060       0x10 C:\HTI\3rd term mechatronics\NTI\At Mega16\Arch\release\HAL\KeyPad\KeyPad_Program.c.o
 *(.rodata*)
 .rodata.str1.1
                0x00800070        0x7 C:\HTI\3rd term mechatronics\NTI\At Mega16\Arch\release\main.c.o
 *(.gnu.linkonce.r*)
                0x00800078                        . = ALIGN (0x2)
 *fill*         0x00800077        0x1 
                0x00800078                        _edata = .
                0x00800078                        PROVIDE (__data_end = .)

.bss            0x00800078        0x7
                0x00800078                        PROVIDE (__bss_start = .)
 *(.bss)
 .bss           0x00800078        0x0 C:/avr-toolchain/bin/../lib/gcc/avr/15.1.0/../../../../avr/lib/avr5/crtatmega16.o
 .bss           0x00800078        0x0 C:\HTI\3rd term mechatronics\NTI\At Mega16\Arch\release\HAL\BUZZER\BUZZER_Program.c.o
 .bss           0x00800078        0x0 C:\HTI\3rd term mechatronics\NTI\At Mega16\Arch\release\HAL\EEPROM\EEPROM_Program.c.o
 .bss           0x00800078        0x0 C:\HTI\3rd term mechatronics\NTI\At Mega16\Arch\release\HAL\KeyPad\KeyPad_Program.c.o
 .bss           0x00800078        0x0 C:\HTI\3rd term mechatronics\NTI\At Mega16\Arch\release\HAL\LCD\LCD_Program.c.o
 .bss           0x00800078        0x0 C:\HTI\3rd term mechatronics\NTI\At Mega16\Arch\release\HAL\LDR\LDR_Program.c.o
 .bss           0x00800078        0x0 C:\HTI\3rd term mechatronics\NTI\At Mega16\Arch\release\HAL\LED\LED_Program.c.o
 .bss           0x00800078        0x0 C:\HTI\3rd term mechatronics\NTI\At Mega16\Arch\release\HAL\LM35\LM35_Program.c.o
 .bss           0x00800078        0x0 C:\HTI\3rd term mechatronics\NTI\At Mega16\Arch\release\HAL\SEVEN_Segment\SEVEN_Segment_Program.c.o
 .bss           0x00800078        0x1 C:\HTI\3rd term mechatronics\NTI\At Mega16\Arch\release\main.c.o
 .bss           0x00800079        0x0 C:\HTI\3rd term mechatronics\NTI\At Mega16\Arch\release\MCAL\ADC\ADC_Program.c.o
 .bss           0x00800079        0x0 C:\HTI\3rd term mechatronics\NTI\At Mega16\Arch\release\MCAL\DIO\DIO_Program.c.o
 .bss           0x00800079        0x6 C:\HTI\3rd term mechatronics\NTI\At Mega16\Arch\release\MCAL\EXTI\EXTI_Program.c.o
 .bss           0x0080007f        0x0 C:\HTI\3rd term mechatronics\NTI\At Mega16\Arch\release\MCAL\GIE\GIE_Program.c.o
 .bss           0x0080007f        0x0 C:/avr-toolchain/bin/../lib/gcc/avr/15.1.0/avr5\libgcc.a(_umulhisi3.o)
 .bss           0x0080007f        0x0 C:/avr-toolchain/bin/../lib/gcc/avr/15.1.0/avr5\libgcc.a(_udivmodsi4.o)
 .bss           0x0080007f        0x0 C:/avr-toolchain/bin/../lib/gcc/avr/15.1.0/avr5\libgcc.a(_exit.o)
 .bss           0x0080007f        0x0 C:/avr-toolchain/bin/../lib/gcc/avr/15.1.0/avr5\libgcc.a(_copy_data.o)
 .bss           0x0080007f        0x0 C:/avr-toolchain/bin/../lib/gcc/avr/15.1.0/avr5\libgcc.a(_clear_bss.o)
 *(.bss*)
 *(COMMON)
                0x0080007f                        PROVIDE (__bss_end = .)
                0x00000c76                        __data_load_start = LOADADDR (.data)
                0x00000c8e                        __data_load_end = (__data_load_start + SIZEOF (.data))

.noinit         0x0080007f        0x0
                [!provide]                        PROVIDE (__noinit_start = .)
 *(.noinit .noinit.* .gnu.linkonce.n.*)
                [!provide]                        PROVIDE (__noinit_end = .)
                0x0080007f                        _end = .
                [!provide]                        PROVIDE (__heap_start = .)
                0x00000000                        __flmap_init_label = DEFINED (__flmap_noinit_start)?__flmap_noinit_start:0x0
                0x00000000                        __flmap = DEFINED (__flmap)?__flmap:0x0

.eeprom         0x00810000        0x0
 *(.eeprom*)
                0x00810000                        __eeprom_end = .

.fuse
 *(.fuse)
 *(.lfuse)
 *(.hfuse)
 *(.efuse)

.lock
 *(.lock*)

.signature
 *(.signature*)

.stab
 *(.stab)

.stabstr
 *(.stabstr)

.stab.excl
 *(.stab.excl)

.stab.exclstr
 *(.stab.exclstr)

.stab.index
 *(.stab.index)

.stab.indexstr
 *(.stab.indexstr)

.comment        0x00000000       0x2f
 *(.comment)
 .comment       0x00000000       0x2f C:\HTI\3rd term mechatronics\NTI\At Mega16\Arch\release\HAL\BUZZER\BUZZER_Program.c.o
                                 0x30 (size before relaxing)
 .comment       0x0000002f       0x30 C:\HTI\3rd term mechatronics\NTI\At Mega16\Arch\release\HAL\EEPROM\EEPROM_Program.c.o
 .comment       0x0000002f       0x30 C:\HTI\3rd term mechatronics\NTI\At Mega16\Arch\release\HAL\KeyPad\KeyPad_Program.c.o
 .comment       0x0000002f       0x30 C:\HTI\3rd term mechatronics\NTI\At Mega16\Arch\release\HAL\LCD\LCD_Program.c.o
 .comment       0x0000002f       0x30 C:\HTI\3rd term mechatronics\NTI\At Mega16\Arch\release\HAL\LDR\LDR_Program.c.o
 .comment       0x0000002f       0x30 C:\HTI\3rd term mechatronics\NTI\At Mega16\Arch\release\HAL\LED\LED_Program.c.o
 .comment       0x0000002f       0x30 C:\HTI\3rd term mechatronics\NTI\At Mega16\Arch\release\HAL\LM35\LM35_Program.c.o
 .comment       0x0000002f       0x30 C:\HTI\3rd term mechatronics\NTI\At Mega16\Arch\release\HAL\SEVEN_Segment\SEVEN_Segment_Program.c.o
 .comment       0x0000002f       0x30 C:\HTI\3rd term mechatronics\NTI\At Mega16\Arch\release\main.c.o
 .comment       0x0000002f       0x30 C:\HTI\3rd term mechatronics\NTI\At Mega16\Arch\release\MCAL\ADC\ADC_Program.c.o
 .comment       0x0000002f       0x30 C:\HTI\3rd term mechatronics\NTI\At Mega16\Arch\release\MCAL\DIO\DIO_Program.c.o
 .comment       0x0000002f       0x30 C:\HTI\3rd term mechatronics\NTI\At Mega16\Arch\release\MCAL\EXTI\EXTI_Program.c.o
 .comment       0x0000002f       0x30 C:\HTI\3rd term mechatronics\NTI\At Mega16\Arch\release\MCAL\GIE\GIE_Program.c.o

.note.gnu.avr.deviceinfo
                0x00000000       0x3c
 .note.gnu.avr.deviceinfo
                0x00000000       0x3c C:/avr-toolchain/bin/../lib/gcc/avr/15.1.0/../../../../avr/lib/avr5/crtatmega16.o

.gnu.build.attributes
 *(.gnu.build.attributes .gnu.build.attributes.*)

.note.gnu.build-id
 *(.note.gnu.build-id)

.debug
 *(.debug)

.line
 *(.line)

.debug_srcinfo
 *(.debug_srcinfo)

.debug_sfnames
 *(.debug_sfnames)

.debug_aranges
 *(.debug_aranges)

.debug_pubnames
 *(.debug_pubnames)

.debug_info     0x00000000      0x52e
 *(.debug_info .gnu.linkonce.wi.*)
 .debug_info    0x00000000      0x52e C:/avr-toolchain/bin/../lib/gcc/avr/15.1.0/../../../../avr/lib/avr5/crtatmega16.o

.debug_abbrev   0x00000000      0x4e7
 *(.debug_abbrev)
 .debug_abbrev  0x00000000      0x4e7 C:/avr-toolchain/bin/../lib/gcc/avr/15.1.0/../../../../avr/lib/avr5/crtatmega16.o

.debug_line     0x00000000       0x1d
 *(.debug_line .debug_line.* .debug_line_end)
 .debug_line    0x00000000       0x1d C:/avr-toolchain/bin/../lib/gcc/avr/15.1.0/../../../../avr/lib/avr5/crtatmega16.o

.debug_frame
 *(.debug_frame)

.debug_str      0x00000000      0x1af
 *(.debug_str)
 .debug_str     0x00000000      0x1af C:/avr-toolchain/bin/../lib/gcc/avr/15.1.0/../../../../avr/lib/avr5/crtatmega16.o

.debug_loc
 *(.debug_loc)

.debug_macinfo
 *(.debug_macinfo)

.debug_weaknames
 *(.debug_weaknames)

.debug_funcnames
 *(.debug_funcnames)

.debug_typenames
 *(.debug_typenames)

.debug_varnames
 *(.debug_varnames)

.debug_pubtypes
 *(.debug_pubtypes)

.debug_ranges
 *(.debug_ranges)

.debug_addr
 *(.debug_addr)

.debug_line_str
 *(.debug_line_str)

.debug_loclists
 *(.debug_loclists)

.debug_macro
 *(.debug_macro)

.debug_names
 *(.debug_names)

.debug_rnglists
 *(.debug_rnglists)

.debug_str_offsets
 *(.debug_str_offsets)

.debug_sup
 *(.debug_sup)
OUTPUT(C:\HTI\3rd term mechatronics\NTI\At Mega16\Arch\release\firmware.elf elf32-avr)
LOAD linker stubs
