Archive member included to satisfy reference by file (symbol)

C:/avr-toolchain/bin/../lib/gcc/avr/15.1.0/avr5\libgcc.a(_umulhisi3.o)
                              C:\HTI\3rd term mechatronics\NTI\TASKS\Part2\Task 4\release\HAL\LDR\LDR_Program.c.o (__umulhisi3)
C:/avr-toolchain/bin/../lib/gcc/avr/15.1.0/avr5\libgcc.a(_udivmodsi4.o)
                              C:\HTI\3rd term mechatronics\NTI\TASKS\Part2\Task 4\release\HAL\LM35\LM35_Program.c.o (__udivmodsi4)
C:/avr-toolchain/bin/../lib/gcc/avr/15.1.0/avr5\libgcc.a(_exit.o)
                              C:/avr-toolchain/bin/../lib/gcc/avr/15.1.0/../../../../avr/lib/avr5/crtatmega32.o (exit)
C:/avr-toolchain/bin/../lib/gcc/avr/15.1.0/avr5\libgcc.a(_copy_data.o)
                              C:\HTI\3rd term mechatronics\NTI\TASKS\Part2\Task 4\release\HAL\KeyPad\KeyPad_Program.c.o (__do_copy_data)

There are no discarded input sections

Memory Configuration

Name             Origin             Length             Attributes
text             0x00000000         0x00008000         xr
data             0x00800060         0x00000800         rw!x
eeprom           0x00810000         0x00000400         rw!x
fuse             0x00820000         0x00000002         rw!x
lock             0x00830000         0x00000400         rw!x
signature        0x00840000         0x00000400         rw!x
user_signatures  0x00850000         0x00000400         rw!x
*default*        0x00000000         0xffffffff

Linker script and memory map

LOAD C:/avr-toolchain/bin/../lib/gcc/avr/15.1.0/../../../../avr/lib/avr5/crtatmega32.o
LOAD C:\HTI\3rd term mechatronics\NTI\TASKS\Part2\Task 4\release\HAL\BUZZER\BUZZER_Program.c.o
LOAD C:\HTI\3rd term mechatronics\NTI\TASKS\Part2\Task 4\release\HAL\EEPROM\EEPROM_Program.c.o
LOAD C:\HTI\3rd term mechatronics\NTI\TASKS\Part2\Task 4\release\HAL\KeyPad\KeyPad_Program.c.o
LOAD C:\HTI\3rd term mechatronics\NTI\TASKS\Part2\Task 4\release\HAL\LCD\LCD_Program.c.o
LOAD C:\HTI\3rd term mechatronics\NTI\TASKS\Part2\Task 4\release\HAL\LDR\LDR_Program.c.o
LOAD C:\HTI\3rd term mechatronics\NTI\TASKS\Part2\Task 4\release\HAL\LED\LED_Program.c.o
LOAD C:\HTI\3rd term mechatronics\NTI\TASKS\Part2\Task 4\release\HAL\LM35\LM35_Program.c.o
LOAD C:\HTI\3rd term mechatronics\NTI\TASKS\Part2\Task 4\release\HAL\SEVEN_Segment\SEVEN_Segment_Program.c.o
LOAD C:\HTI\3rd term mechatronics\NTI\TASKS\Part2\Task 4\release\main.c.o
LOAD C:\HTI\3rd term mechatronics\NTI\TASKS\Part2\Task 4\release\MCAL\ADC\ADC_Program.c.o
LOAD C:\HTI\3rd term mechatronics\NTI\TASKS\Part2\Task 4\release\MCAL\DIO\DIO_Program.c.o
LOAD C:\HTI\3rd term mechatronics\NTI\TASKS\Part2\Task 4\release\MCAL\EXTI\EXTI_Program.c.o
LOAD C:\HTI\3rd term mechatronics\NTI\TASKS\Part2\Task 4\release\MCAL\GIE\GIE_Program.c.o
START GROUP
LOAD C:/avr-toolchain/bin/../lib/gcc/avr/15.1.0/avr5\libgcc.a
LOAD C:/avr-toolchain/bin/../lib/gcc/avr/15.1.0/../../../../avr/lib/avr5\libm.a
LOAD C:/avr-toolchain/bin/../lib/gcc/avr/15.1.0/../../../../avr/lib/avr5\libc.a
LOAD C:/avr-toolchain/bin/../lib/gcc/avr/15.1.0/../../../../avr/lib/avr5\libatmega32.a
END GROUP
                [0x00000000]                      __TEXT_REGION_ORIGIN__ = DEFINED (__TEXT_REGION_ORIGIN__)?__TEXT_REGION_ORIGIN__:0x0
                [0x00008000]                      __TEXT_REGION_LENGTH__ = DEFINED (__TEXT_REGION_LENGTH__)?__TEXT_REGION_LENGTH__:0x20000
                [0x00800060]                      __DATA_REGION_ORIGIN__ = DEFINED (__DATA_REGION_ORIGIN__)?__DATA_REGION_ORIGIN__:0x800060
                [0x00000800]                      __DATA_REGION_LENGTH__ = DEFINED (__DATA_REGION_LENGTH__)?__DATA_REGION_LENGTH__:0xffa0
                [0x00000400]                      __EEPROM_REGION_LENGTH__ = DEFINED (__EEPROM_REGION_LENGTH__)?__EEPROM_REGION_LENGTH__:0x10000
                [0x00000002]                      __FUSE_REGION_LENGTH__ = DEFINED (__FUSE_REGION_LENGTH__)?__FUSE_REGION_LENGTH__:0x400
                0x00000400                        __LOCK_REGION_LENGTH__ = DEFINED (__LOCK_REGION_LENGTH__)?__LOCK_REGION_LENGTH__:0x400
                0x00000400                        __SIGNATURE_REGION_LENGTH__ = DEFINED (__SIGNATURE_REGION_LENGTH__)?__SIGNATURE_REGION_LENGTH__:0x400
                0x00000400                        __USER_SIGNATURE_REGION_LENGTH__ = DEFINED (__USER_SIGNATURE_REGION_LENGTH__)?__USER_SIGNATURE_REGION_LENGTH__:0x400

.hash
 *(.hash)

.dynsym
 *(.dynsym)

.dynstr
 *(.dynstr)

.gnu.version
 *(.gnu.version)

.gnu.version_d
 *(.gnu.version_d)

.gnu.version_r
 *(.gnu.version_r)

.rel.init
 *(.rel.init)

.rela.init
 *(.rela.init)

.rel.text
 *(.rel.text)
 *(.rel.text.*)
 *(.rel.gnu.linkonce.t*)

.rela.text
 *(.rela.text)
 *(.rela.text.*)
 *(.rela.gnu.linkonce.t*)

.rel.fini
 *(.rel.fini)

.rela.fini
 *(.rela.fini)

.rel.rodata
 *(.rel.rodata)
 *(.rel.rodata.*)
 *(.rel.gnu.linkonce.r*)

.rela.rodata
 *(.rela.rodata)
 *(.rela.rodata.*)
 *(.rela.gnu.linkonce.r*)

.rel.data
 *(.rel.data)
 *(.rel.data.*)
 *(.rel.gnu.linkonce.d*)

.rela.data
 *(.rela.data)
 *(.rela.data.*)
 *(.rela.gnu.linkonce.d*)

.rel.ctors
 *(.rel.ctors)

.rela.ctors
 *(.rela.ctors)

.rel.dtors
 *(.rel.dtors)

.rela.dtors
 *(.rela.dtors)

.rel.got
 *(.rel.got)

.rela.got
 *(.rela.got)

.rel.bss
 *(.rel.bss)

.rela.bss
 *(.rela.bss)

.rel.plt
 *(.rel.plt)

.rela.plt
 *(.rela.plt)

.text           0x00000000      0xaa4
 *(.vectors)
 .vectors       0x00000000       0x54 C:/avr-toolchain/bin/../lib/gcc/avr/15.1.0/../../../../avr/lib/avr5/crtatmega32.o
                0x00000000                __vector_default
                0x00000000                __vectors
 *(.vectors)
 *(.progmem.gcc*)
                0x00000054                        . = ALIGN (0x2)
                0x00000054                        __trampolines_start = .
 *(.trampolines)
 .trampolines   0x00000054        0x0 linker stubs
 *(.trampolines*)
                0x00000054                        __trampolines_end = .
 *libprintf_flt.a:*(.progmem.data)
 *libc.a:*(.progmem.data)
 *(.progmem.*)
                0x00000054                        . = ALIGN (0x2)
 *(.lowtext)
 *(.lowtext*)
                0x00000054                        __ctors_start = .
 *(.ctors)
                0x00000054                        __ctors_end = .
                0x00000054                        __dtors_start = .
 *(.dtors)
                0x00000054                        __dtors_end = .
 SORT_BY_NAME(*)(.ctors)
 SORT_BY_NAME(*)(.dtors)
 *(.init0)
 .init0         0x00000054        0x0 C:/avr-toolchain/bin/../lib/gcc/avr/15.1.0/../../../../avr/lib/avr5/crtatmega32.o
                0x00000054                __init
 *(.init0)
 *(.init1)
 *(.init1)
 *(.init2)
 .init2         0x00000054        0xc C:/avr-toolchain/bin/../lib/gcc/avr/15.1.0/../../../../avr/lib/avr5/crtatmega32.o
 *(.init2)
 *(.init3)
 *(.init3)
 *(.init4)
 .init4         0x00000060       0x16 C:/avr-toolchain/bin/../lib/gcc/avr/15.1.0/avr5\libgcc.a(_copy_data.o)
                0x00000060                __do_copy_data
 *(.init4)
 *(.init5)
 *(.init5)
 *(.init6)
 *(.init6)
 *(.init7)
 *(.init7)
 *(.init8)
 *(.init8)
 *(.init9)
 .init9         0x00000076        0x8 C:/avr-toolchain/bin/../lib/gcc/avr/15.1.0/../../../../avr/lib/avr5/crtatmega32.o
 *(.init9)
 *(.text)
 .text          0x0000007e        0x4 C:/avr-toolchain/bin/../lib/gcc/avr/15.1.0/../../../../avr/lib/avr5/crtatmega32.o
                0x0000007e                __vector_1
                0x0000007e                __vector_12
                0x0000007e                __bad_interrupt
                0x0000007e                __vector_6
                0x0000007e                __vector_3
                0x0000007e                __vector_11
                0x0000007e                __vector_13
                0x0000007e                __vector_17
                0x0000007e                __vector_19
                0x0000007e                __vector_7
                0x0000007e                __vector_5
                0x0000007e                __vector_4
                0x0000007e                __vector_9
                0x0000007e                __vector_2
                0x0000007e                __vector_15
                0x0000007e                __vector_8
                0x0000007e                __vector_14
                0x0000007e                __vector_10
                0x0000007e                __vector_16
                0x0000007e                __vector_18
                0x0000007e                __vector_20
 .text          0x00000082       0x1e C:\HTI\3rd term mechatronics\NTI\TASKS\Part2\Task 4\release\HAL\BUZZER\BUZZER_Program.c.o
                0x00000082                BUZZER_Init
                0x0000008c                BUZZER_On
                0x00000096                BUZZER_Off
 .text          0x000000a0       0xba C:\HTI\3rd term mechatronics\NTI\TASKS\Part2\Task 4\release\HAL\EEPROM\EEPROM_Program.c.o
                0x000000a0                EEPROM_WriteByte
                0x000000bc                EEPROM_ReadByte
                0x000000d6                EEPROM_WriteBlock
                0x00000120                EEPROM_ReadBlock
 .text          0x0000015a      0x138 C:\HTI\3rd term mechatronics\NTI\TASKS\Part2\Task 4\release\HAL\KeyPad\KeyPad_Program.c.o
                0x0000015a                KPD_Init
                0x000001fa                KPD_GetButtonValue
 .text          0x00000292      0x292 C:\HTI\3rd term mechatronics\NTI\TASKS\Part2\Task 4\release\HAL\LCD\LCD_Program.c.o
                0x0000032e                LCD_WriteChar
                0x00000338                LCD_WriteInstruction
                0x00000342                LCD_Init
                0x000003bc                LCD_WriteString
                0x00000400                LCD_GotoXY
                0x0000041e                LCD_WriteNumber
 .text          0x00000524       0x2a C:\HTI\3rd term mechatronics\NTI\TASKS\Part2\Task 4\release\HAL\LDR\LDR_Program.c.o
                0x00000524                LDR_GetRawValue
                0x0000052a                LDR_GetLightPercentage
 .text          0x0000054e       0x92 C:\HTI\3rd term mechatronics\NTI\TASKS\Part2\Task 4\release\HAL\LED\LED_Program.c.o
                0x0000054e                LED_Init
                0x00000574                LED_On
                0x0000059a                LED_Off
                0x000005c0                LED_Toggle
 .text          0x000005e0       0x3e C:\HTI\3rd term mechatronics\NTI\TASKS\Part2\Task 4\release\HAL\LM35\LM35_Program.c.o
                0x000005e0                LM35_GetTemperature
 .text          0x0000061e       0x66 C:\HTI\3rd term mechatronics\NTI\TASKS\Part2\Task 4\release\HAL\SEVEN_Segment\SEVEN_Segment_Program.c.o
                0x0000061e                SEVEN_SEGMENT_Init
                0x00000644                SEVEN_SEGMENT_DisplayNumber
                0x00000664                SEVEN_SEGMENT_DisplayChar
 .text          0x00000684        0x0 C:\HTI\3rd term mechatronics\NTI\TASKS\Part2\Task 4\release\main.c.o
 .text          0x00000684       0x9c C:\HTI\3rd term mechatronics\NTI\TASKS\Part2\Task 4\release\MCAL\ADC\ADC_Program.c.o
                0x00000684                ADC_Init
                0x00000708                ADC_Read
 .text          0x00000720      0x1e8 C:\HTI\3rd term mechatronics\NTI\TASKS\Part2\Task 4\release\MCAL\DIO\DIO_Program.c.o
                0x00000720                DIO_InitPin
                0x0000079c                DIO_InitGroup
                0x000007bc                DIO_WritePin
                0x00000838                DIO_WriteGroup
                0x00000858                DIO_ReadPin
                0x00000894                DIO_ReadGroup
                0x000008ca                DIO_TogglePin
 .text          0x00000908      0x106 C:\HTI\3rd term mechatronics\NTI\TASKS\Part2\Task 4\release\MCAL\EXTI\EXTI_Program.c.o
                0x00000908                EXTI_Init
                0x000009c2                EXTI_Enable
                0x000009e8                EXTI_Disable
 .text          0x00000a0e       0x10 C:\HTI\3rd term mechatronics\NTI\TASKS\Part2\Task 4\release\MCAL\GIE\GIE_Program.c.o
                0x00000a0e                GIE_Enable
                0x00000a16                GIE_Disable
 .text          0x00000a1e        0x0 C:/avr-toolchain/bin/../lib/gcc/avr/15.1.0/avr5\libgcc.a(_umulhisi3.o)
 .text          0x00000a1e        0x0 C:/avr-toolchain/bin/../lib/gcc/avr/15.1.0/avr5\libgcc.a(_udivmodsi4.o)
 .text          0x00000a1e        0x0 C:/avr-toolchain/bin/../lib/gcc/avr/15.1.0/avr5\libgcc.a(_exit.o)
 .text          0x00000a1e        0x0 C:/avr-toolchain/bin/../lib/gcc/avr/15.1.0/avr5\libgcc.a(_copy_data.o)
                0x00000a1e                        . = ALIGN (0x2)
 *(.text.*)
 .text.startup  0x00000a1e       0x20 C:\HTI\3rd term mechatronics\NTI\TASKS\Part2\Task 4\release\main.c.o
                0x00000a1e                main
 .text.libgcc.mul
                0x00000a3e       0x1e C:/avr-toolchain/bin/../lib/gcc/avr/15.1.0/avr5\libgcc.a(_umulhisi3.o)
                0x00000a3e                __umulhisi3
 .text.libgcc.div
                0x00000a5c        0x0 C:/avr-toolchain/bin/../lib/gcc/avr/15.1.0/avr5\libgcc.a(_umulhisi3.o)
 .text.libgcc   0x00000a5c        0x0 C:/avr-toolchain/bin/../lib/gcc/avr/15.1.0/avr5\libgcc.a(_umulhisi3.o)
 .text.libgcc.prologue
                0x00000a5c        0x0 C:/avr-toolchain/bin/../lib/gcc/avr/15.1.0/avr5\libgcc.a(_umulhisi3.o)
 .text.libgcc.builtins
                0x00000a5c        0x0 C:/avr-toolchain/bin/../lib/gcc/avr/15.1.0/avr5\libgcc.a(_umulhisi3.o)
 .text.libgcc.fmul
                0x00000a5c        0x0 C:/avr-toolchain/bin/../lib/gcc/avr/15.1.0/avr5\libgcc.a(_umulhisi3.o)
 .text.libgcc.fixed
                0x00000a5c        0x0 C:/avr-toolchain/bin/../lib/gcc/avr/15.1.0/avr5\libgcc.a(_umulhisi3.o)
 .text.libgcc.mul
                0x00000a5c        0x0 C:/avr-toolchain/bin/../lib/gcc/avr/15.1.0/avr5\libgcc.a(_udivmodsi4.o)
 .text.libgcc.div
                0x00000a5c       0x44 C:/avr-toolchain/bin/../lib/gcc/avr/15.1.0/avr5\libgcc.a(_udivmodsi4.o)
                0x00000a5c                __udivmodsi4
 .text.libgcc   0x00000aa0        0x0 C:/avr-toolchain/bin/../lib/gcc/avr/15.1.0/avr5\libgcc.a(_udivmodsi4.o)
 .text.libgcc.prologue
                0x00000aa0        0x0 C:/avr-toolchain/bin/../lib/gcc/avr/15.1.0/avr5\libgcc.a(_udivmodsi4.o)
 .text.libgcc.builtins
                0x00000aa0        0x0 C:/avr-toolchain/bin/../lib/gcc/avr/15.1.0/avr5\libgcc.a(_udivmodsi4.o)
 .text.libgcc.fmul
                0x00000aa0        0x0 C:/avr-toolchain/bin/../lib/gcc/avr/15.1.0/avr5\libgcc.a(_udivmodsi4.o)
 .text.libgcc.fixed
                0x00000aa0        0x0 C:/avr-toolchain/bin/../lib/gcc/avr/15.1.0/avr5\libgcc.a(_udivmodsi4.o)
 .text.libgcc.mul
                0x00000aa0        0x0 C:/avr-toolchain/bin/../lib/gcc/avr/15.1.0/avr5\libgcc.a(_exit.o)
 .text.libgcc.div
                0x00000aa0        0x0 C:/avr-toolchain/bin/../lib/gcc/avr/15.1.0/avr5\libgcc.a(_exit.o)
 .text.libgcc   0x00000aa0        0x0 C:/avr-toolchain/bin/../lib/gcc/avr/15.1.0/avr5\libgcc.a(_exit.o)
 .text.libgcc.prologue
                0x00000aa0        0x0 C:/avr-toolchain/bin/../lib/gcc/avr/15.1.0/avr5\libgcc.a(_exit.o)
 .text.libgcc.builtins
                0x00000aa0        0x0 C:/avr-toolchain/bin/../lib/gcc/avr/15.1.0/avr5\libgcc.a(_exit.o)
 .text.libgcc.fmul
                0x00000aa0        0x0 C:/avr-toolchain/bin/../lib/gcc/avr/15.1.0/avr5\libgcc.a(_exit.o)
 .text.libgcc.fixed
                0x00000aa0        0x0 C:/avr-toolchain/bin/../lib/gcc/avr/15.1.0/avr5\libgcc.a(_exit.o)
 .text.libgcc.mul
                0x00000aa0        0x0 C:/avr-toolchain/bin/../lib/gcc/avr/15.1.0/avr5\libgcc.a(_copy_data.o)
 .text.libgcc.div
                0x00000aa0        0x0 C:/avr-toolchain/bin/../lib/gcc/avr/15.1.0/avr5\libgcc.a(_copy_data.o)
 .text.libgcc   0x00000aa0        0x0 C:/avr-toolchain/bin/../lib/gcc/avr/15.1.0/avr5\libgcc.a(_copy_data.o)
 .text.libgcc.prologue
                0x00000aa0        0x0 C:/avr-toolchain/bin/../lib/gcc/avr/15.1.0/avr5\libgcc.a(_copy_data.o)
 .text.libgcc.builtins
                0x00000aa0        0x0 C:/avr-toolchain/bin/../lib/gcc/avr/15.1.0/avr5\libgcc.a(_copy_data.o)
 .text.libgcc.fmul
                0x00000aa0        0x0 C:/avr-toolchain/bin/../lib/gcc/avr/15.1.0/avr5\libgcc.a(_copy_data.o)
 .text.libgcc.fixed
                0x00000aa0        0x0 C:/avr-toolchain/bin/../lib/gcc/avr/15.1.0/avr5\libgcc.a(_copy_data.o)
                0x00000aa0                        . = ALIGN (0x2)
 *(.fini9)
 .fini9         0x00000aa0        0x0 C:/avr-toolchain/bin/../lib/gcc/avr/15.1.0/avr5\libgcc.a(_exit.o)
                0x00000aa0                _exit
                0x00000aa0                exit
 *(.fini9)
 *(.fini8)
 *(.fini8)
 *(.fini7)
 *(.fini7)
 *(.fini6)
 *(.fini6)
 *(.fini5)
 *(.fini5)
 *(.fini4)
 *(.fini4)
 *(.fini3)
 *(.fini3)
 *(.fini2)
 *(.fini2)
 *(.fini1)
 *(.fini1)
 *(.fini0)
 .fini0         0x00000aa0        0x4 C:/avr-toolchain/bin/../lib/gcc/avr/15.1.0/avr5\libgcc.a(_exit.o)
 *(.fini0)
 *(.hightext)
 *(.hightext*)
 *(.progmemx.*)
                0x00000aa4                        . = ALIGN (0x2)
 *(.jumptables)
 *(.jumptables*)
                0x00000aa4                        _etext = .

.data           0x00800060       0x10 load address 0x00000aa4
                0x00800060                        PROVIDE (__data_start = .)
 *(.data)
 .data          0x00800060        0x0 C:/avr-toolchain/bin/../lib/gcc/avr/15.1.0/../../../../avr/lib/avr5/crtatmega32.o
 .data          0x00800060        0x0 C:\HTI\3rd term mechatronics\NTI\TASKS\Part2\Task 4\release\HAL\BUZZER\BUZZER_Program.c.o
 .data          0x00800060        0x0 C:\HTI\3rd term mechatronics\NTI\TASKS\Part2\Task 4\release\HAL\EEPROM\EEPROM_Program.c.o
 .data          0x00800060        0x0 C:\HTI\3rd term mechatronics\NTI\TASKS\Part2\Task 4\release\HAL\KeyPad\KeyPad_Program.c.o
 .data          0x00800060        0x0 C:\HTI\3rd term mechatronics\NTI\TASKS\Part2\Task 4\release\HAL\LCD\LCD_Program.c.o
 .data          0x00800060        0x0 C:\HTI\3rd term mechatronics\NTI\TASKS\Part2\Task 4\release\HAL\LDR\LDR_Program.c.o
 .data          0x00800060        0x0 C:\HTI\3rd term mechatronics\NTI\TASKS\Part2\Task 4\release\HAL\LED\LED_Program.c.o
 .data          0x00800060        0x0 C:\HTI\3rd term mechatronics\NTI\TASKS\Part2\Task 4\release\HAL\LM35\LM35_Program.c.o
 .data          0x00800060        0x0 C:\HTI\3rd term mechatronics\NTI\TASKS\Part2\Task 4\release\HAL\SEVEN_Segment\SEVEN_Segment_Program.c.o
 .data          0x00800060        0x0 C:\HTI\3rd term mechatronics\NTI\TASKS\Part2\Task 4\release\main.c.o
 .data          0x00800060        0x0 C:\HTI\3rd term mechatronics\NTI\TASKS\Part2\Task 4\release\MCAL\ADC\ADC_Program.c.o
 .data          0x00800060        0x0 C:\HTI\3rd term mechatronics\NTI\TASKS\Part2\Task 4\release\MCAL\DIO\DIO_Program.c.o
 .data          0x00800060        0x0 C:\HTI\3rd term mechatronics\NTI\TASKS\Part2\Task 4\release\MCAL\EXTI\EXTI_Program.c.o
 .data          0x00800060        0x0 C:\HTI\3rd term mechatronics\NTI\TASKS\Part2\Task 4\release\MCAL\GIE\GIE_Program.c.o
 .data          0x00800060        0x0 C:/avr-toolchain/bin/../lib/gcc/avr/15.1.0/avr5\libgcc.a(_umulhisi3.o)
 .data          0x00800060        0x0 C:/avr-toolchain/bin/../lib/gcc/avr/15.1.0/avr5\libgcc.a(_udivmodsi4.o)
 .data          0x00800060        0x0 C:/avr-toolchain/bin/../lib/gcc/avr/15.1.0/avr5\libgcc.a(_exit.o)
 .data          0x00800060        0x0 C:/avr-toolchain/bin/../lib/gcc/avr/15.1.0/avr5\libgcc.a(_copy_data.o)
 *(.data*)
 *(.gnu.linkonce.d*)
 *(.rodata)
 .rodata        0x00800060       0x10 C:\HTI\3rd term mechatronics\NTI\TASKS\Part2\Task 4\release\HAL\KeyPad\KeyPad_Program.c.o
 *(.rodata*)
 *(.gnu.linkonce.r*)
                0x00800070                        . = ALIGN (0x2)
                0x00800070                        _edata = .
                0x00800070                        PROVIDE (__data_end = .)

.bss            0x00800070        0x0
                [!provide]                        PROVIDE (__bss_start = .)
 *(.bss)
 .bss           0x00800070        0x0 C:/avr-toolchain/bin/../lib/gcc/avr/15.1.0/../../../../avr/lib/avr5/crtatmega32.o
 .bss           0x00800070        0x0 C:\HTI\3rd term mechatronics\NTI\TASKS\Part2\Task 4\release\HAL\BUZZER\BUZZER_Program.c.o
 .bss           0x00800070        0x0 C:\HTI\3rd term mechatronics\NTI\TASKS\Part2\Task 4\release\HAL\EEPROM\EEPROM_Program.c.o
 .bss           0x00800070        0x0 C:\HTI\3rd term mechatronics\NTI\TASKS\Part2\Task 4\release\HAL\KeyPad\KeyPad_Program.c.o
 .bss           0x00800070        0x0 C:\HTI\3rd term mechatronics\NTI\TASKS\Part2\Task 4\release\HAL\LCD\LCD_Program.c.o
 .bss           0x00800070        0x0 C:\HTI\3rd term mechatronics\NTI\TASKS\Part2\Task 4\release\HAL\LDR\LDR_Program.c.o
 .bss           0x00800070        0x0 C:\HTI\3rd term mechatronics\NTI\TASKS\Part2\Task 4\release\HAL\LED\LED_Program.c.o
 .bss           0x00800070        0x0 C:\HTI\3rd term mechatronics\NTI\TASKS\Part2\Task 4\release\HAL\LM35\LM35_Program.c.o
 .bss           0x00800070        0x0 C:\HTI\3rd term mechatronics\NTI\TASKS\Part2\Task 4\release\HAL\SEVEN_Segment\SEVEN_Segment_Program.c.o
 .bss           0x00800070        0x0 C:\HTI\3rd term mechatronics\NTI\TASKS\Part2\Task 4\release\main.c.o
 .bss           0x00800070        0x0 C:\HTI\3rd term mechatronics\NTI\TASKS\Part2\Task 4\release\MCAL\ADC\ADC_Program.c.o
 .bss           0x00800070        0x0 C:\HTI\3rd term mechatronics\NTI\TASKS\Part2\Task 4\release\MCAL\DIO\DIO_Program.c.o
 .bss           0x00800070        0x0 C:\HTI\3rd term mechatronics\NTI\TASKS\Part2\Task 4\release\MCAL\EXTI\EXTI_Program.c.o
 .bss           0x00800070        0x0 C:\HTI\3rd term mechatronics\NTI\TASKS\Part2\Task 4\release\MCAL\GIE\GIE_Program.c.o
 .bss           0x00800070        0x0 C:/avr-toolchain/bin/../lib/gcc/avr/15.1.0/avr5\libgcc.a(_umulhisi3.o)
 .bss           0x00800070        0x0 C:/avr-toolchain/bin/../lib/gcc/avr/15.1.0/avr5\libgcc.a(_udivmodsi4.o)
 .bss           0x00800070        0x0 C:/avr-toolchain/bin/../lib/gcc/avr/15.1.0/avr5\libgcc.a(_exit.o)
 .bss           0x00800070        0x0 C:/avr-toolchain/bin/../lib/gcc/avr/15.1.0/avr5\libgcc.a(_copy_data.o)
 *(.bss*)
 *(COMMON)
                [!provide]                        PROVIDE (__bss_end = .)
                0x00000aa4                        __data_load_start = LOADADDR (.data)
                0x00000ab4                        __data_load_end = (__data_load_start + SIZEOF (.data))

.noinit         0x00800070        0x0
                [!provide]                        PROVIDE (__noinit_start = .)
 *(.noinit .noinit.* .gnu.linkonce.n.*)
                [!provide]                        PROVIDE (__noinit_end = .)
                0x00800070                        _end = .
                [!provide]                        PROVIDE (__heap_start = .)
                0x00000000                        __flmap_init_label = DEFINED (__flmap_noinit_start)?__flmap_noinit_start:0x0
                0x00000000                        __flmap = DEFINED (__flmap)?__flmap:0x0

.eeprom         0x00810000        0x0
 *(.eeprom*)
                0x00810000                        __eeprom_end = .

.fuse
 *(.fuse)
 *(.lfuse)
 *(.hfuse)
 *(.efuse)

.lock
 *(.lock*)

.signature
 *(.signature*)

.stab
 *(.stab)

.stabstr
 *(.stabstr)

.stab.excl
 *(.stab.excl)

.stab.exclstr
 *(.stab.exclstr)

.stab.index
 *(.stab.index)

.stab.indexstr
 *(.stab.indexstr)

.comment        0x00000000       0x2f
 *(.comment)
 .comment       0x00000000       0x2f C:\HTI\3rd term mechatronics\NTI\TASKS\Part2\Task 4\release\HAL\BUZZER\BUZZER_Program.c.o
                                 0x30 (size before relaxing)
 .comment       0x0000002f       0x30 C:\HTI\3rd term mechatronics\NTI\TASKS\Part2\Task 4\release\HAL\EEPROM\EEPROM_Program.c.o
 .comment       0x0000002f       0x30 C:\HTI\3rd term mechatronics\NTI\TASKS\Part2\Task 4\release\HAL\KeyPad\KeyPad_Program.c.o
 .comment       0x0000002f       0x30 C:\HTI\3rd term mechatronics\NTI\TASKS\Part2\Task 4\release\HAL\LCD\LCD_Program.c.o
 .comment       0x0000002f       0x30 C:\HTI\3rd term mechatronics\NTI\TASKS\Part2\Task 4\release\HAL\LDR\LDR_Program.c.o
 .comment       0x0000002f       0x30 C:\HTI\3rd term mechatronics\NTI\TASKS\Part2\Task 4\release\HAL\LED\LED_Program.c.o
 .comment       0x0000002f       0x30 C:\HTI\3rd term mechatronics\NTI\TASKS\Part2\Task 4\release\HAL\LM35\LM35_Program.c.o
 .comment       0x0000002f       0x30 C:\HTI\3rd term mechatronics\NTI\TASKS\Part2\Task 4\release\HAL\SEVEN_Segment\SEVEN_Segment_Program.c.o
 .comment       0x0000002f       0x30 C:\HTI\3rd term mechatronics\NTI\TASKS\Part2\Task 4\release\main.c.o
 .comment       0x0000002f       0x30 C:\HTI\3rd term mechatronics\NTI\TASKS\Part2\Task 4\release\MCAL\ADC\ADC_Program.c.o
 .comment       0x0000002f       0x30 C:\HTI\3rd term mechatronics\NTI\TASKS\Part2\Task 4\release\MCAL\DIO\DIO_Program.c.o
 .comment       0x0000002f       0x30 C:\HTI\3rd term mechatronics\NTI\TASKS\Part2\Task 4\release\MCAL\EXTI\EXTI_Program.c.o
 .comment       0x0000002f       0x30 C:\HTI\3rd term mechatronics\NTI\TASKS\Part2\Task 4\release\MCAL\GIE\GIE_Program.c.o

.note.gnu.avr.deviceinfo
                0x00000000       0x3c
 .note.gnu.avr.deviceinfo
                0x00000000       0x3c C:/avr-toolchain/bin/../lib/gcc/avr/15.1.0/../../../../avr/lib/avr5/crtatmega32.o

.gnu.build.attributes
 *(.gnu.build.attributes .gnu.build.attributes.*)

.note.gnu.build-id
 *(.note.gnu.build-id)

.debug
 *(.debug)

.line
 *(.line)

.debug_srcinfo
 *(.debug_srcinfo)

.debug_sfnames
 *(.debug_sfnames)

.debug_aranges
 *(.debug_aranges)

.debug_pubnames
 *(.debug_pubnames)

.debug_info     0x00000000      0x4e6
 *(.debug_info .gnu.linkonce.wi.*)
 .debug_info    0x00000000      0x4e6 C:/avr-toolchain/bin/../lib/gcc/avr/15.1.0/../../../../avr/lib/avr5/crtatmega32.o

.debug_abbrev   0x00000000      0x4a3
 *(.debug_abbrev)
 .debug_abbrev  0x00000000      0x4a3 C:/avr-toolchain/bin/../lib/gcc/avr/15.1.0/../../../../avr/lib/avr5/crtatmega32.o

.debug_line     0x00000000       0x1d
 *(.debug_line .debug_line.* .debug_line_end)
 .debug_line    0x00000000       0x1d C:/avr-toolchain/bin/../lib/gcc/avr/15.1.0/../../../../avr/lib/avr5/crtatmega32.o

.debug_frame
 *(.debug_frame)

.debug_str      0x00000000      0x196
 *(.debug_str)
 .debug_str     0x00000000      0x196 C:/avr-toolchain/bin/../lib/gcc/avr/15.1.0/../../../../avr/lib/avr5/crtatmega32.o

.debug_loc
 *(.debug_loc)

.debug_macinfo
 *(.debug_macinfo)

.debug_weaknames
 *(.debug_weaknames)

.debug_funcnames
 *(.debug_funcnames)

.debug_typenames
 *(.debug_typenames)

.debug_varnames
 *(.debug_varnames)

.debug_pubtypes
 *(.debug_pubtypes)

.debug_ranges
 *(.debug_ranges)

.debug_addr
 *(.debug_addr)

.debug_line_str
 *(.debug_line_str)

.debug_loclists
 *(.debug_loclists)

.debug_macro
 *(.debug_macro)

.debug_names
 *(.debug_names)

.debug_rnglists
 *(.debug_rnglists)

.debug_str_offsets
 *(.debug_str_offsets)

.debug_sup
 *(.debug_sup)
OUTPUT(C:\HTI\3rd term mechatronics\NTI\TASKS\Part2\Task 4\release\firmware.elf elf32-avr)
LOAD linker stubs
